OK 192.168.2.140_01_20200204172920547_TIMING.jpg
OK 192.168.2.140_01_20200204173020525_TIMING.jpg
OK 192.168.2.140_01_20200204173120433_TIMING.jpg
OK 192.168.2.140_01_20200204173220525_TIMING.jpg
OK 192.168.2.140_01_20200204173320556_TIMING.jpg
OK 192.168.2.140_01_20200204173520209_TIMING.jpg
OK 192.168.2.140_01_20200204173620776_TIMING.jpg
OK 192.168.2.140_01_20200204173720303_TIMING.jpg
OK 192.168.2.140_01_20200204173820780_TIMING.jpg
OK 192.168.2.140_01_20200204173920465_TIMING.jpg
OK 192.168.2.140_01_20200204174020706_TIMING.jpg
OK 192.168.2.140_01_20200204174120617_TIMING.jpg
OK 192.168.2.140_01_20200204174220825_TIMING.jpg
OK 192.168.2.140_01_20200204174320024_TIMING.jpg
OK 192.168.2.140_01_20200204174420146_TIMING.jpg
OK 192.168.2.140_01_20200204174520414_TIMING.jpg
OK 192.168.2.140_01_20200204174620418_TIMING.jpg
OK 192.168.2.140_01_20200204174720022_TIMING.jpg
OK 192.168.2.140_01_20200204174820301_TIMING.jpg
OK 192.168.2.140_01_20200204174920358_TIMING.jpg
OK 192.168.2.140_01_20200204175020640_TIMING.jpg
OK 192.168.2.140_01_20200204175120222_TIMING.jpg
OK 192.168.2.140_01_20200204175220425_TIMING.jpg
OK 192.168.2.140_01_20200204175320562_TIMING.jpg
OK 192.168.2.140_01_20200204175420659_TIMING.jpg
OK 192.168.2.140_01_20200204175520597_TIMING.jpg
OK 192.168.2.140_01_20200204175620155_TIMING.jpg
OK 192.168.2.140_01_20200204175720184_TIMING.jpg
OK 192.168.2.140_01_20200204175820447_TIMING.jpg
OK 192.168.2.140_01_20200204175920464_TIMING.jpg
OK 192.168.2.140_01_20200204180020085_TIMING.jpg
OK 192.168.2.140_01_20200204180120980_TIMING.jpg
OK 192.168.2.140_01_20200204180220212_TIMING.jpg
OK 192.168.2.140_01_20200204180320671_TIMING.jpg
OK 192.168.2.140_01_20200204180420830_TIMING.jpg
OK 192.168.2.140_01_20200204180520478_TIMING.jpg
OK 192.168.2.140_01_20200204180620610_TIMING.jpg
OK 192.168.2.140_01_20200204180720407_TIMING.jpg
OK 192.168.2.140_01_20200204180820409_TIMING.jpg
OK 192.168.2.140_01_20200204180920817_TIMING.jpg
OK 192.168.2.140_01_20200204181020287_TIMING.jpg
OK 192.168.2.140_01_20200204181120818_TIMING.jpg
OK 192.168.2.140_01_20200204181220624_TIMING.jpg
OK 192.168.2.140_01_20200204181320928_TIMING.jpg
OK 192.168.2.140_01_20200204181420029_TIMING.jpg
OK 192.168.2.140_01_20200204181520531_TIMING.jpg
OK 192.168.2.140_01_20200204181720337_TIMING.jpg
OK 192.168.2.140_01_20200204181820297_TIMING.jpg
OK 192.168.2.140_01_20200204181920923_TIMING.jpg
OK 192.168.2.140_01_20200204182020274_TIMING.jpg
OK 192.168.2.140_01_20200204182120395_TIMING.jpg
OK 192.168.2.140_01_20200204182220781_TIMING.jpg
OK 192.168.2.140_01_20200204182320546_TIMING.jpg
OK 192.168.2.140_01_20200204182420636_TIMING.jpg
OK 192.168.2.140_01_20200204182520080_TIMING.jpg
OK 192.168.2.140_01_20200204182620130_TIMING.jpg
OK 192.168.2.140_01_20200204182720251_TIMING.jpg
OK 192.168.2.140_01_20200204182820317_TIMING.jpg
OK 192.168.2.140_01_20200204182920322_TIMING.jpg
OK 192.168.2.140_01_20200204183020342_TIMING.jpg
OK 192.168.2.140_01_20200204183120332_TIMING.jpg
OK 192.168.2.140_01_20200204183220504_TIMING.jpg
OK 192.168.2.140_01_20200204183320327_TIMING.jpg
OK 192.168.2.140_01_20200204183420520_TIMING.jpg
OK 192.168.2.140_01_20200204183520040_TIMING.jpg
OK 192.168.2.140_01_20200204183621379_TIMING.jpg
OK 192.168.2.140_01_20200204183721168_TIMING.jpg
OK 192.168.2.140_01_20200204183821728_TIMING.jpg
OK 192.168.2.140_01_20200204183921103_TIMING.jpg
OK 192.168.2.140_01_20200204184021087_TIMING.jpg
OK 192.168.2.140_01_20200204184121049_TIMING.jpg
OK 192.168.2.140_01_20200204184221339_TIMING.jpg
OK 192.168.2.140_01_20200204184321894_TIMING.jpg
OK 192.168.2.140_01_20200204184421933_TIMING.jpg
OK 192.168.2.140_01_20200204184521576_TIMING.jpg
OK 192.168.2.140_01_20200204184621407_TIMING.jpg
OK 192.168.2.140_01_20200204184721062_TIMING.jpg
OK 192.168.2.140_01_20200204184821340_TIMING.jpg
OK 192.168.2.140_01_20200204184921371_TIMING.jpg
OK 192.168.2.140_01_20200204185021527_TIMING.jpg
OK 192.168.2.140_01_20200204185121838_TIMING.jpg
OK 192.168.2.140_01_20200204185221163_TIMING.jpg
OK 192.168.2.140_01_20200204185321810_TIMING.jpg
OK 192.168.2.140_01_20200204185421749_TIMING.jpg
OK 192.168.2.140_01_20200204185521263_TIMING.jpg
OK 192.168.2.140_01_20200204185621404_TIMING.jpg
OK 192.168.2.140_01_20200204185721384_TIMING.jpg
OK 192.168.2.140_01_20200204185821662_TIMING.jpg
OK 192.168.2.140_01_20200204185921803_TIMING.jpg
OK 192.168.2.140_01_20200204190021864_TIMING.jpg
OK 192.168.2.140_01_20200204190121043_TIMING.jpg
OK 192.168.2.140_01_20200204190221817_TIMING.jpg
OK 192.168.2.140_01_20200204190321122_TIMING.jpg
OK 192.168.2.140_01_20200204190421118_TIMING.jpg
OK 192.168.2.140_01_20200204190521055_TIMING.jpg
OK 192.168.2.140_01_20200204190621340_TIMING.jpg
OK 192.168.2.140_01_20200204190721951_TIMING.jpg
OK 192.168.2.140_01_20200204190821291_TIMING.jpg
OK 192.168.2.140_01_20200204190921770_TIMING.jpg
OK 192.168.2.140_01_20200204191021138_TIMING.jpg
OK 192.168.2.140_01_20200204191121057_TIMING.jpg
OK 192.168.2.140_01_20200204191221337_TIMING.jpg
OK 192.168.2.140_01_20200204191321636_TIMING.jpg
OK 192.168.2.140_01_20200204191521307_TIMING.jpg
OK 192.168.2.140_01_20200204191621977_TIMING.jpg
OK 192.168.2.140_01_20200204191721975_TIMING.jpg
OK 192.168.2.140_01_20200204191821249_TIMING.jpg
OK 192.168.2.140_01_20200204191921227_TIMING.jpg
OK 192.168.2.140_01_20200204192021096_TIMING.jpg
OK 192.168.2.140_01_20200204192121671_TIMING.jpg
OK 192.168.2.140_01_20200204192221579_TIMING.jpg
OK 192.168.2.140_01_20200204192321421_TIMING.jpg
OK 192.168.2.140_01_20200204192421811_TIMING.jpg
OK 192.168.2.140_01_20200204192521557_TIMING.jpg
OK 192.168.2.140_01_20200204192621465_TIMING.jpg
OK 192.168.2.140_01_20200204192721293_TIMING.jpg
OK 192.168.2.140_01_20200204192821839_TIMING.jpg
OK 192.168.2.140_01_20200204192921787_TIMING.jpg
OK 192.168.2.140_01_20200204193021989_TIMING.jpg
OK 192.168.2.140_01_20200204193121515_TIMING.jpg
OK 192.168.2.140_01_20200204193221629_TIMING.jpg
OK 192.168.2.140_01_20200204193321682_TIMING.jpg
OK 192.168.2.140_01_20200204193421402_TIMING.jpg
OK 192.168.2.140_01_20200204193521564_TIMING.jpg
OK 192.168.2.140_01_20200204193621202_TIMING.jpg
OK 192.168.2.140_01_20200204193721923_TIMING.jpg
OK 192.168.2.140_01_20200204193821331_TIMING.jpg
OK 192.168.2.140_01_20200204193921835_TIMING.jpg
OK 192.168.2.140_01_20200204194021691_TIMING.jpg
OK 192.168.2.140_01_20200204194121461_TIMING.jpg
OK 192.168.2.140_01_20200204194221776_TIMING.jpg
OK 192.168.2.140_01_20200204194321900_TIMING.jpg
OK 192.168.2.140_01_20200204194421823_TIMING.jpg
OK 192.168.2.140_01_20200204194521049_TIMING.jpg
OK 192.168.2.140_01_20200204194621002_TIMING.jpg
OK 192.168.2.140_01_20200204194721956_TIMING.jpg
OK 192.168.2.140_01_20200204194821078_TIMING.jpg
OK 192.168.2.140_01_20200204194921956_TIMING.jpg
OK 192.168.2.140_01_20200204195021316_TIMING.jpg
OK 192.168.2.140_01_20200204195121241_TIMING.jpg
OK 192.168.2.140_01_20200204195221355_TIMING.jpg
OK 192.168.2.140_01_20200204195321925_TIMING.jpg
OK 192.168.2.140_01_20200204195421116_TIMING.jpg
OK 192.168.2.140_01_20200204195521886_TIMING.jpg
OK 192.168.2.140_01_20200204195621814_TIMING.jpg
OK 192.168.2.140_01_20200204195721451_TIMING.jpg
OK 192.168.2.140_01_20200204195821605_TIMING.jpg
OK 192.168.2.140_01_20200204195821605_TIMING.jpg
OK 192.168.2.140_01_20200204195821605_TIMING.jpg
OK 192.168.2.140_01_20200204195821605_TIMING.jpg
OK 192.168.2.140_01_20200204195821605_TIMING.jpg
OK 192.168.2.140_01_20200204195821605_TIMING.jpg
OK 192.168.2.140_01_20200204195821605_TIMING.jpg
OK 192.168.2.140_01_20200204195821605_TIMING.jpg
OK 192.168.2.140_01_20200204195821605_TIMING.jpg
OK 192.168.2.140_01_20200204195821605_TIMING.jpg
OK 192.168.2.140_01_20200204195821605_TIMING.jpg
OK 192.168.2.140_01_20200204195821605_TIMING.jpg
OK 192.168.2.140_01_20200204195821605_TIMING.jpg
OK 192.168.2.140_01_20200204195821605_TIMING.jpg
OK 192.168.2.140_01_20200204195821605_TIMING.jpg
OK 192.168.2.140_01_20200204195821605_TIMING.jpg
OK 192.168.2.140_01_20200204195821605_TIMING.jpg
OK 192.168.2.140_01_20200204195821605_TIMING.jpg
OK 192.168.2.140_01_20200204195821605_TIMING.jpg
OK 192.168.2.140_01_20200204195821605_TIMING.jpg
OK 192.168.2.140_01_20200204195821605_TIMING.jpg
OK 192.168.2.140_01_20200204195821605_TIMING.jpg
OK 192.168.2.140_01_20200204195821605_TIMING.jpg
OK 192.168.2.140_01_20200204195821605_TIMING.jpg
OK 192.168.2.140_01_20200204195821605_TIMING.jpg
OK 192.168.2.140_01_20200204195821605_TIMING.jpg
OK 192.168.2.140_01_20200204195821605_TIMING.jpg
OK 192.168.2.140_01_20200204202521150_TIMING.jpg
OK 192.168.2.140_01_20200204202621424_TIMING.jpg
OK 192.168.2.140_01_20200204202721691_TIMING.jpg
OK 192.168.2.140_01_20200204202821967_TIMING.jpg
OK 192.168.2.140_01_20200204202921132_TIMING.jpg
OK 192.168.2.140_01_20200204203021369_TIMING.jpg
OK 192.168.2.140_01_20200204203121958_TIMING.jpg
OK 192.168.2.140_01_20200204203221080_TIMING.jpg
OK 192.168.2.140_01_20200204203321859_TIMING.jpg
OK 192.168.2.140_01_20200204203421133_TIMING.jpg
OK 192.168.2.140_01_20200204203521325_TIMING.jpg
OK 192.168.2.140_01_20200204203621772_TIMING.jpg
OK 192.168.2.140_01_20200204203721500_TIMING.jpg
OK 192.168.2.140_01_20200204203821150_TIMING.jpg
OK 192.168.2.140_01_20200204203921472_TIMING.jpg
OK 192.168.2.140_01_20200204204021359_TIMING.jpg
OK 192.168.2.140_01_20200204204121316_TIMING.jpg
OK 192.168.2.140_01_20200204204221174_TIMING.jpg
OK 192.168.2.140_01_20200204204321276_TIMING.jpg
OK 192.168.2.140_01_20200204204421922_TIMING.jpg
OK 192.168.2.140_01_20200204204521373_TIMING.jpg
OK 192.168.2.140_01_20200204204621421_TIMING.jpg
OK 192.168.2.140_01_20200204204721108_TIMING.jpg
OK 192.168.2.140_01_20200204204821123_TIMING.jpg
OK 192.168.2.140_01_20200204204921797_TIMING.jpg
OK 192.168.2.140_01_20200204205021270_TIMING.jpg
OK 192.168.2.140_01_20200204205121174_TIMING.jpg
OK 192.168.2.140_01_20200204205221334_TIMING.jpg
OK 192.168.2.140_01_20200204205321056_TIMING.jpg
OK 192.168.2.140_01_20200204205421407_TIMING.jpg
OK 192.168.2.140_01_20200204205521035_TIMING.jpg
OK 192.168.2.140_01_20200204205621673_TIMING.jpg
OK 192.168.2.140_01_20200204205721575_TIMING.jpg
OK 192.168.2.140_01_20200204205821314_TIMING.jpg
OK 192.168.2.140_01_20200204205921869_TIMING.jpg
OK 192.168.2.140_01_20200204210021158_TIMING.jpg
OK 192.168.2.140_01_20200204210121946_TIMING.jpg
OK 192.168.2.140_01_20200204210221505_TIMING.jpg
OK 192.168.2.140_01_20200204210321790_TIMING.jpg
OK 192.168.2.140_01_20200204210421671_TIMING.jpg
OK 192.168.2.140_01_20200204210521504_TIMING.jpg
OK 192.168.2.140_01_20200204210621250_TIMING.jpg
OK 192.168.2.140_01_20200204210721028_TIMING.jpg
OK 192.168.2.140_01_20200204210821431_TIMING.jpg
OK 192.168.2.140_01_20200204210921562_TIMING.jpg
OK 192.168.2.140_01_20200204211021097_TIMING.jpg
OK 192.168.2.140_01_20200204211121319_TIMING.jpg
OK 192.168.2.140_01_20200204211221529_TIMING.jpg
OK 192.168.2.140_01_20200204211321393_TIMING.jpg
OK 192.168.2.140_01_20200204211421925_TIMING.jpg
OK 192.168.2.140_01_20200204211521804_TIMING.jpg
OK 192.168.2.140_01_20200204211621946_TIMING.jpg
OK 192.168.2.140_01_20200204211721756_TIMING.jpg
OK 192.168.2.140_01_20200204211821870_TIMING.jpg
OK 192.168.2.140_01_20200204211921041_TIMING.jpg
OK 192.168.2.140_01_20200204212121897_TIMING.jpg
OK 192.168.2.140_01_20200204212221670_TIMING.jpg
OK 192.168.2.140_01_20200204212321360_TIMING.jpg
OK 192.168.2.140_01_20200204212421322_TIMING.jpg
OK 192.168.2.140_01_20200204212521937_TIMING.jpg
OK 192.168.2.140_01_20200204212621994_TIMING.jpg
OK 192.168.2.140_01_20200204212721673_TIMING.jpg
OK 192.168.2.140_01_20200204212821703_TIMING.jpg
OK 192.168.2.140_01_20200204212921767_TIMING.jpg
OK 192.168.2.140_01_20200204213021386_TIMING.jpg
OK 192.168.2.140_01_20200204213121765_TIMING.jpg
OK 192.168.2.140_01_20200204213221548_TIMING.jpg
OK 192.168.2.140_01_20200204213321704_TIMING.jpg
OK 192.168.2.140_01_20200204213421432_TIMING.jpg
OK 192.168.2.140_01_20200204213521508_TIMING.jpg
OK 192.168.2.140_01_20200204213621952_TIMING.jpg
OK 192.168.2.140_01_20200204213721757_TIMING.jpg
OK 192.168.2.140_01_20200204213821121_TIMING.jpg
OK 192.168.2.140_01_20200204213921918_TIMING.jpg
OK 192.168.2.140_01_20200204214021266_TIMING.jpg
OK 192.168.2.140_01_20200204214121501_TIMING.jpg
OK 192.168.2.140_01_20200204214221799_TIMING.jpg
OK 192.168.2.140_01_20200204214321961_TIMING.jpg
OK 192.168.2.140_01_20200204214421000_TIMING.jpg
OK 192.168.2.140_01_20200204214521433_TIMING.jpg
OK 192.168.2.140_01_20200204214621569_TIMING.jpg
OK 192.168.2.140_01_20200204214721045_TIMING.jpg
OK 192.168.2.140_01_20200204214821721_TIMING.jpg
OK 192.168.2.140_01_20200204214921453_TIMING.jpg
OK 192.168.2.140_01_20200204215021294_TIMING.jpg
OK 192.168.2.140_01_20200204215121630_TIMING.jpg
OK 192.168.2.140_01_20200204215221838_TIMING.jpg
OK 192.168.2.140_01_20200204215321973_TIMING.jpg
OK 192.168.2.140_01_20200204215421035_TIMING.jpg
OK 192.168.2.140_01_20200204215521358_TIMING.jpg
OK 192.168.2.140_01_20200204215621421_TIMING.jpg
OK 192.168.2.140_01_20200204215721342_TIMING.jpg
OK 192.168.2.140_01_20200204215821251_TIMING.jpg
OK 192.168.2.140_01_20200204215921832_TIMING.jpg
OK 192.168.2.140_01_20200204220021595_TIMING.jpg
OK 192.168.2.140_01_20200204220121903_TIMING.jpg
OK 192.168.2.140_01_20200204220221516_TIMING.jpg
OK 192.168.2.140_01_20200204220321286_TIMING.jpg
OK 192.168.2.140_01_20200204220421080_TIMING.jpg
OK 192.168.2.140_01_20200204220521401_TIMING.jpg
OK 192.168.2.140_01_20200204220621931_TIMING.jpg
OK 192.168.2.140_01_20200204220721338_TIMING.jpg
OK 192.168.2.140_01_20200204220821247_TIMING.jpg
OK 192.168.2.140_01_20200204220921386_TIMING.jpg
OK 192.168.2.140_01_20200204221021972_TIMING.jpg
OK 192.168.2.140_01_20200204221121256_TIMING.jpg
OK 192.168.2.140_01_20200204221221223_TIMING.jpg
OK 192.168.2.140_01_20200204221321594_TIMING.jpg
OK 192.168.2.140_01_20200204221421247_TIMING.jpg
OK 192.168.2.140_01_20200204221521467_TIMING.jpg
OK 192.168.2.140_01_20200204221721442_TIMING.jpg
OK 192.168.2.140_01_20200204221821186_TIMING.jpg
OK 192.168.2.140_01_20200204221921861_TIMING.jpg
OK 192.168.2.140_01_20200204222021583_TIMING.jpg
OK 192.168.2.140_01_20200204222121451_TIMING.jpg
OK 192.168.2.140_01_20200204222221082_TIMING.jpg
OK 192.168.2.140_01_20200204222421237_TIMING.jpg
OK 192.168.2.140_01_20200204222521314_TIMING.jpg
OK 192.168.2.140_01_20200204222621474_TIMING.jpg
OK 192.168.2.140_01_20200204222721729_TIMING.jpg
OK 192.168.2.140_01_20200204222821315_TIMING.jpg
OK 192.168.2.140_01_20200204222921787_TIMING.jpg
OK 192.168.2.140_01_20200204223021497_TIMING.jpg
OK 192.168.2.140_01_20200204223121768_TIMING.jpg
OK 192.168.2.140_01_20200204223221031_TIMING.jpg
OK 192.168.2.140_01_20200204223321988_TIMING.jpg
OK 192.168.2.140_01_20200204223421431_TIMING.jpg
OK 192.168.2.140_01_20200204223421431_TIMING.jpg
OK 192.168.2.140_01_20200204223621604_TIMING.jpg
OK 192.168.2.140_01_20200204223721919_TIMING.jpg
OK 192.168.2.140_01_20200204223821026_TIMING.jpg
OK 192.168.2.140_01_20200204223921199_TIMING.jpg
OK 192.168.2.140_01_20200204224021658_TIMING.jpg
OK 192.168.2.140_01_20200204224121187_TIMING.jpg
OK 192.168.2.140_01_20200204224221178_TIMING.jpg
OK 192.168.2.140_01_20200204224321649_TIMING.jpg
OK 192.168.2.140_01_20200204224421939_TIMING.jpg
OK 192.168.2.140_01_20200204224521186_TIMING.jpg
OK 192.168.2.140_01_20200204224621856_TIMING.jpg
OK 192.168.2.140_01_20200204224621856_TIMING.jpg
OK 192.168.2.140_01_20200204224821641_TIMING.jpg
OK 192.168.2.140_01_20200204224921103_TIMING.jpg
OK 192.168.2.140_01_20200204225021357_TIMING.jpg
OK 192.168.2.140_01_20200204225121288_TIMING.jpg
OK 192.168.2.140_01_20200204225221327_TIMING.jpg
OK 192.168.2.140_01_20200204225321703_TIMING.jpg
OK 192.168.2.140_01_20200204225421678_TIMING.jpg
OK 192.168.2.140_01_20200204225521215_TIMING.jpg
OK 192.168.2.140_01_20200204225621368_TIMING.jpg
OK 192.168.2.140_01_20200204225721173_TIMING.jpg
OK 192.168.2.140_01_20200204225821006_TIMING.jpg
OK 192.168.2.140_01_20200204225921046_TIMING.jpg
OK 192.168.2.140_01_20200204230021586_TIMING.jpg
OK 192.168.2.140_01_20200204230121000_TIMING.jpg
OK 192.168.2.140_01_20200204230221477_TIMING.jpg
OK 192.168.2.140_01_20200204230321827_TIMING.jpg
OK 192.168.2.140_01_20200204230421729_TIMING.jpg
OK 192.168.2.140_01_20200204230521057_TIMING.jpg
OK 192.168.2.140_01_20200204230621498_TIMING.jpg
OK 192.168.2.140_01_20200204230721713_TIMING.jpg
OK 192.168.2.140_01_20200204230821357_TIMING.jpg
OK 192.168.2.140_01_20200204230921958_TIMING.jpg
OK 192.168.2.140_01_20200204231021209_TIMING.jpg
OK 192.168.2.140_01_20200204231121107_TIMING.jpg
OK 192.168.2.140_01_20200204231221867_TIMING.jpg
STOP 192.168.2.140_01_20200204231421219_TIMING.jpg
NG 192.168.2.140_01_20200204231521889_TIMING.jpg
STOP 192.168.2.140_01_20200204231621291_TIMING.jpg
STOP 192.168.2.140_01_20200204231721899_TIMING.jpg
STOP 192.168.2.140_01_20200204231821487_TIMING.jpg
STOP 192.168.2.140_01_20200204231921177_TIMING.jpg
STOP 192.168.2.140_01_20200204232021184_TIMING.jpg
STOP 192.168.2.140_01_20200204232121651_TIMING.jpg
STOP 192.168.2.140_01_20200204232221488_TIMING.jpg
STOP 192.168.2.140_01_20200204232321085_TIMING.jpg
STOP 192.168.2.140_01_20200204232421243_TIMING.jpg
STOP 192.168.2.140_01_20200204232521334_TIMING.jpg
STOP 192.168.2.140_01_20200204232621924_TIMING.jpg
STOP 192.168.2.140_01_20200204232721649_TIMING.jpg
STOP 192.168.2.140_01_20200204232821866_TIMING.jpg
STOP 192.168.2.140_01_20200204232921201_TIMING.jpg
STOP 192.168.2.140_01_20200204233021272_TIMING.jpg
STOP 192.168.2.140_01_20200204233121845_TIMING.jpg
STOP 192.168.2.140_01_20200204233221596_TIMING.jpg
STOP 192.168.2.140_01_20200204233321087_TIMING.jpg
STOP 192.168.2.140_01_20200204233421163_TIMING.jpg
STOP 192.168.2.140_01_20200204233521969_TIMING.jpg
STOP 192.168.2.140_01_20200204233621839_TIMING.jpg
STOP 192.168.2.140_01_20200204233721733_TIMING.jpg
STOP 192.168.2.140_01_20200204233821338_TIMING.jpg
STOP 192.168.2.140_01_20200204233921337_TIMING.jpg
STOP 192.168.2.140_01_20200204234021313_TIMING.jpg
STOP 192.168.2.140_01_20200204234121644_TIMING.jpg
STOP 192.168.2.140_01_20200204234221638_TIMING.jpg
STOP 192.168.2.140_01_20200204234321608_TIMING.jpg
STOP 192.168.2.140_01_20200204234421170_TIMING.jpg
STOP 192.168.2.140_01_20200204234521468_TIMING.jpg
STOP 192.168.2.140_01_20200204234621854_TIMING.jpg
STOP 192.168.2.140_01_20200204234721100_TIMING.jpg
STOP 192.168.2.140_01_20200204234821707_TIMING.jpg
STOP 192.168.2.140_01_20200204234921002_TIMING.jpg
STOP 192.168.2.140_01_20200204235021398_TIMING.jpg
STOP 192.168.2.140_01_20200204235121482_TIMING.jpg
STOP 192.168.2.140_01_20200204235221544_TIMING.jpg
STOP 192.168.2.140_01_20200204235321584_TIMING.jpg
STOP 192.168.2.140_01_20200204235421882_TIMING.jpg
STOP 192.168.2.140_01_20200204235521386_TIMING.jpg
STOP 192.168.2.140_01_20200204235621602_TIMING.jpg
STOP 192.168.2.140_01_20200204235721065_TIMING.jpg
STOP 192.168.2.140_01_20200204235821686_TIMING.jpg
STOP 192.168.2.140_01_20200204235921931_TIMING.jpg
STOP 192.168.2.140_01_20200204235921931_TIMING.jpg
STOP 192.168.2.140_01_20200204235921931_TIMING.jpg
STOP 192.168.2.140_01_20200204235921931_TIMING.jpg
STOP 192.168.2.140_01_20200204235921931_TIMING.jpg
STOP 192.168.2.140_01_20200204235921931_TIMING.jpg
STOP 192.168.2.140_01_20200204235921931_TIMING.jpg
STOP 192.168.2.140_01_20200204235921931_TIMING.jpg
STOP 192.168.2.140_01_20200204235921931_TIMING.jpg
STOP 192.168.2.140_01_20200204235921931_TIMING.jpg
STOP 192.168.2.140_01_20200204235921931_TIMING.jpg
STOP 192.168.2.140_01_20200204235921931_TIMING.jpg
STOP 192.168.2.140_01_20200204235921931_TIMING.jpg
STOP 192.168.2.140_01_20200204235921931_TIMING.jpg
STOP 192.168.2.140_01_20200204235921931_TIMING.jpg
STOP 192.168.2.140_01_20200204235921931_TIMING.jpg
STOP 192.168.2.140_01_20200204235921931_TIMING.jpg
STOP 192.168.2.140_01_20200204235921931_TIMING.jpg
STOP 192.168.2.140_01_20200204235921931_TIMING.jpg
STOP 192.168.2.140_01_20200204235921931_TIMING.jpg
STOP 192.168.2.140_01_20200204235921931_TIMING.jpg
STOP 192.168.2.140_01_20200204235921931_TIMING.jpg
STOP 192.168.2.140_01_20200204235921931_TIMING.jpg
STOP 192.168.2.140_01_20200204235921931_TIMING.jpg
STOP 192.168.2.140_01_20200204235921931_TIMING.jpg
STOP 192.168.2.140_01_20200204235921931_TIMING.jpg
STOP 192.168.2.140_01_20200204235921931_TIMING.jpg
STOP 192.168.2.140_01_20200204235921931_TIMING.jpg
STOP 192.168.2.140_01_20200204235921931_TIMING.jpg
STOP 192.168.2.140_01_20200204235921931_TIMING.jpg
STOP 192.168.2.140_01_20200204235921931_TIMING.jpg
STOP 192.168.2.140_01_20200204235921931_TIMING.jpg
STOP 192.168.2.140_01_20200204235921931_TIMING.jpg
STOP 192.168.2.140_01_20200204235921931_TIMING.jpg
STOP 192.168.2.140_01_20200204235921931_TIMING.jpg
STOP 192.168.2.140_01_20200204235921931_TIMING.jpg
STOP 192.168.2.140_01_20200204235921931_TIMING.jpg
STOP 192.168.2.140_01_20200204235921931_TIMING.jpg
STOP 192.168.2.140_01_20200204235921931_TIMING.jpg
STOP 192.168.2.140_01_20200204235921931_TIMING.jpg
STOP 192.168.2.140_01_20200204235921931_TIMING.jpg
STOP 192.168.2.140_01_20200204235921931_TIMING.jpg
STOP 192.168.2.140_01_20200204235921931_TIMING.jpg
STOP 192.168.2.140_01_20200204235921931_TIMING.jpg
STOP 192.168.2.140_01_20200204235921931_TIMING.jpg
STOP 192.168.2.140_01_20200204235921931_TIMING.jpg
STOP 192.168.2.140_01_20200204235921931_TIMING.jpg
STOP 192.168.2.140_01_20200204235921931_TIMING.jpg
STOP 192.168.2.140_01_20200204235921931_TIMING.jpg
STOP 192.168.2.140_01_20200204235921931_TIMING.jpg
STOP 192.168.2.140_01_20200204235921931_TIMING.jpg
STOP 192.168.2.140_01_20200204235921931_TIMING.jpg
STOP 192.168.2.140_01_20200204235921931_TIMING.jpg
STOP 192.168.2.140_01_20200204235921931_TIMING.jpg
STOP 192.168.2.140_01_20200204235921931_TIMING.jpg
STOP 192.168.2.140_01_20200204235921931_TIMING.jpg
STOP 192.168.2.140_01_20200204235921931_TIMING.jpg
STOP 192.168.2.140_01_20200204235921931_TIMING.jpg
STOP 192.168.2.140_01_20200204235921931_TIMING.jpg
STOP 192.168.2.140_01_20200204235921931_TIMING.jpg
STOP 192.168.2.140_01_20200204235921931_TIMING.jpg
STOP 192.168.2.140_01_20200204235921931_TIMING.jpg
STOP 192.168.2.140_01_20200204235921931_TIMING.jpg
STOP 192.168.2.140_01_20200204235921931_TIMING.jpg
STOP 192.168.2.140_01_20200204235921931_TIMING.jpg
STOP 192.168.2.140_01_20200204235921931_TIMING.jpg
STOP 192.168.2.140_01_20200204235921931_TIMING.jpg
STOP 192.168.2.140_01_20200204235921931_TIMING.jpg
STOP 192.168.2.140_01_20200204235921931_TIMING.jpg
STOP 192.168.2.140_01_20200204235921931_TIMING.jpg
STOP 192.168.2.140_01_20200204235921931_TIMING.jpg
STOP 192.168.2.140_01_20200204235921931_TIMING.jpg
STOP 192.168.2.140_01_20200204235921931_TIMING.jpg
STOP 192.168.2.140_01_20200204235921931_TIMING.jpg
STOP 192.168.2.140_01_20200204235921931_TIMING.jpg
STOP 192.168.2.140_01_20200204235921931_TIMING.jpg
STOP 192.168.2.140_01_20200204235921931_TIMING.jpg
STOP 192.168.2.140_01_20200204235921931_TIMING.jpg
STOP 192.168.2.140_01_20200204235921931_TIMING.jpg
STOP 192.168.2.140_01_20200204235921931_TIMING.jpg
STOP 192.168.2.140_01_20200204235921931_TIMING.jpg
STOP 192.168.2.140_01_20200204235921931_TIMING.jpg
STOP 192.168.2.140_01_20200204235921931_TIMING.jpg
STOP 192.168.2.140_01_20200204235921931_TIMING.jpg
STOP 192.168.2.140_01_20200204235921931_TIMING.jpg
STOP 192.168.2.140_01_20200204235921931_TIMING.jpg
STOP 192.168.2.140_01_20200204235921931_TIMING.jpg
STOP 192.168.2.140_01_20200204235921931_TIMING.jpg
STOP 192.168.2.140_01_20200204235921931_TIMING.jpg
STOP 192.168.2.140_01_20200204235921931_TIMING.jpg
STOP 192.168.2.140_01_20200204235921931_TIMING.jpg
STOP 192.168.2.140_01_20200204235921931_TIMING.jpg
STOP 192.168.2.140_01_20200204235921931_TIMING.jpg
STOP 192.168.2.140_01_20200204235921931_TIMING.jpg
STOP 192.168.2.140_01_20200204235921931_TIMING.jpg
STOP 192.168.2.140_01_20200204235921931_TIMING.jpg
STOP 192.168.2.140_01_20200204235921931_TIMING.jpg
STOP 192.168.2.140_01_20200204235921931_TIMING.jpg
STOP 192.168.2.140_01_20200204235921931_TIMING.jpg
STOP 192.168.2.140_01_20200204235921931_TIMING.jpg
STOP 192.168.2.140_01_20200204235921931_TIMING.jpg
STOP 192.168.2.140_01_20200204235921931_TIMING.jpg
STOP 192.168.2.140_01_20200204235921931_TIMING.jpg
STOP 192.168.2.140_01_20200204235921931_TIMING.jpg
STOP 192.168.2.140_01_20200204235921931_TIMING.jpg
STOP 192.168.2.140_01_20200204235921931_TIMING.jpg
STOP 192.168.2.140_01_20200204235921931_TIMING.jpg
STOP 192.168.2.140_01_20200204235921931_TIMING.jpg
STOP 192.168.2.140_01_20200204235921931_TIMING.jpg
STOP 192.168.2.140_01_20200204235921931_TIMING.jpg
STOP 192.168.2.140_01_20200204235921931_TIMING.jpg
STOP 192.168.2.140_01_20200204235921931_TIMING.jpg
STOP 192.168.2.140_01_20200204235921931_TIMING.jpg
STOP 192.168.2.140_01_20200204235921931_TIMING.jpg
STOP 192.168.2.140_01_20200204235921931_TIMING.jpg
STOP 192.168.2.140_01_20200204235921931_TIMING.jpg
STOP 192.168.2.140_01_20200204235921931_TIMING.jpg
STOP 192.168.2.140_01_20200204235921931_TIMING.jpg
STOP 192.168.2.140_01_20200204235921931_TIMING.jpg
STOP 192.168.2.140_01_20200204235921931_TIMING.jpg
STOP 192.168.2.140_01_20200204235921931_TIMING.jpg
STOP 192.168.2.140_01_20200204235921931_TIMING.jpg
STOP 192.168.2.140_01_20200204235921931_TIMING.jpg
STOP 192.168.2.140_01_20200204235921931_TIMING.jpg
STOP 192.168.2.140_01_20200204235921931_TIMING.jpg
STOP 192.168.2.140_01_20200204235921931_TIMING.jpg
STOP 192.168.2.140_01_20200204235921931_TIMING.jpg
STOP 192.168.2.140_01_20200204235921931_TIMING.jpg
STOP 192.168.2.140_01_20200204235921931_TIMING.jpg
STOP 192.168.2.140_01_20200204235921931_TIMING.jpg
STOP 192.168.2.140_01_20200204235921931_TIMING.jpg
STOP 192.168.2.140_01_20200204235921931_TIMING.jpg
STOP 192.168.2.140_01_20200204235921931_TIMING.jpg
STOP 192.168.2.140_01_20200204235921931_TIMING.jpg
STOP 192.168.2.140_01_20200204235921931_TIMING.jpg
STOP 192.168.2.140_01_20200204235921931_TIMING.jpg
STOP 192.168.2.140_01_20200204235921931_TIMING.jpg
STOP 192.168.2.140_01_20200204235921931_TIMING.jpg
STOP 192.168.2.140_01_20200204235921931_TIMING.jpg
STOP 192.168.2.140_01_20200204235921931_TIMING.jpg
STOP 192.168.2.140_01_20200204235921931_TIMING.jpg
STOP 192.168.2.140_01_20200204235921931_TIMING.jpg
STOP 192.168.2.140_01_20200204235921931_TIMING.jpg
STOP 192.168.2.140_01_20200204235921931_TIMING.jpg
STOP 192.168.2.140_01_20200204235921931_TIMING.jpg
STOP 192.168.2.140_01_20200204235921931_TIMING.jpg
STOP 192.168.2.140_01_20200204235921931_TIMING.jpg
STOP 192.168.2.140_01_20200204235921931_TIMING.jpg
STOP 192.168.2.140_01_20200204235921931_TIMING.jpg
STOP 192.168.2.140_01_20200204235921931_TIMING.jpg
STOP 192.168.2.140_01_20200204235921931_TIMING.jpg
STOP 192.168.2.140_01_20200204235921931_TIMING.jpg
STOP 192.168.2.140_01_20200204235921931_TIMING.jpg
STOP 192.168.2.140_01_20200204235921931_TIMING.jpg
STOP 192.168.2.140_01_20200204235921931_TIMING.jpg
STOP 192.168.2.140_01_20200204235921931_TIMING.jpg
STOP 192.168.2.140_01_20200204235921931_TIMING.jpg
STOP 192.168.2.140_01_20200204235921931_TIMING.jpg
STOP 192.168.2.140_01_20200204235921931_TIMING.jpg
STOP 192.168.2.140_01_20200204235921931_TIMING.jpg
STOP 192.168.2.140_01_20200204235921931_TIMING.jpg
STOP 192.168.2.140_01_20200204235921931_TIMING.jpg
STOP 192.168.2.140_01_20200204235921931_TIMING.jpg
STOP 192.168.2.140_01_20200204235921931_TIMING.jpg
STOP 192.168.2.140_01_20200204235921931_TIMING.jpg
STOP 192.168.2.140_01_20200204235921931_TIMING.jpg
STOP 192.168.2.140_01_20200204235921931_TIMING.jpg
STOP 192.168.2.140_01_20200204235921931_TIMING.jpg
STOP 192.168.2.140_01_20200204235921931_TIMING.jpg
STOP 192.168.2.140_01_20200204235921931_TIMING.jpg
STOP 192.168.2.140_01_20200204235921931_TIMING.jpg
STOP 192.168.2.140_01_20200204235921931_TIMING.jpg
STOP 192.168.2.140_01_20200204235921931_TIMING.jpg
STOP 192.168.2.140_01_20200204235921931_TIMING.jpg
STOP 192.168.2.140_01_20200204235921931_TIMING.jpg
STOP 192.168.2.140_01_20200204235921931_TIMING.jpg
STOP 192.168.2.140_01_20200204235921931_TIMING.jpg
STOP 192.168.2.140_01_20200204235921931_TIMING.jpg
STOP 192.168.2.140_01_20200204235921931_TIMING.jpg
STOP 192.168.2.140_01_20200204235921931_TIMING.jpg
STOP 192.168.2.140_01_20200204235921931_TIMING.jpg
STOP 192.168.2.140_01_20200204235921931_TIMING.jpg
STOP 192.168.2.140_01_20200204235921931_TIMING.jpg
STOP 192.168.2.140_01_20200204235921931_TIMING.jpg
STOP 192.168.2.140_01_20200204235921931_TIMING.jpg
STOP 192.168.2.140_01_20200204235921931_TIMING.jpg
STOP 192.168.2.140_01_20200204235921931_TIMING.jpg
STOP 192.168.2.140_01_20200204235921931_TIMING.jpg
STOP 192.168.2.140_01_20200204235921931_TIMING.jpg
STOP 192.168.2.140_01_20200204235921931_TIMING.jpg
STOP 192.168.2.140_01_20200204235921931_TIMING.jpg
STOP 192.168.2.140_01_20200204235921931_TIMING.jpg
STOP 192.168.2.140_01_20200204235921931_TIMING.jpg
STOP 192.168.2.140_01_20200204235921931_TIMING.jpg
STOP 192.168.2.140_01_20200204235921931_TIMING.jpg
STOP 192.168.2.140_01_20200204235921931_TIMING.jpg
STOP 192.168.2.140_01_20200204235921931_TIMING.jpg
STOP 192.168.2.140_01_20200204235921931_TIMING.jpg
STOP 192.168.2.140_01_20200204235921931_TIMING.jpg
STOP 192.168.2.140_01_20200204235921931_TIMING.jpg
STOP 192.168.2.140_01_20200204235921931_TIMING.jpg
STOP 192.168.2.140_01_20200204235921931_TIMING.jpg
STOP 192.168.2.140_01_20200204235921931_TIMING.jpg
STOP 192.168.2.140_01_20200204235921931_TIMING.jpg
STOP 192.168.2.140_01_20200204235921931_TIMING.jpg
STOP 192.168.2.140_01_20200204235921931_TIMING.jpg
STOP 192.168.2.140_01_20200204235921931_TIMING.jpg
STOP 192.168.2.140_01_20200204235921931_TIMING.jpg
STOP 192.168.2.140_01_20200204235921931_TIMING.jpg
STOP 192.168.2.140_01_20200204235921931_TIMING.jpg
STOP 192.168.2.140_01_20200204235921931_TIMING.jpg
STOP 192.168.2.140_01_20200204235921931_TIMING.jpg
STOP 192.168.2.140_01_20200204235921931_TIMING.jpg
STOP 192.168.2.140_01_20200204235921931_TIMING.jpg
STOP 192.168.2.140_01_20200204235921931_TIMING.jpg
STOP 192.168.2.140_01_20200204235921931_TIMING.jpg
STOP 192.168.2.140_01_20200204235921931_TIMING.jpg
STOP 192.168.2.140_01_20200204235921931_TIMING.jpg
STOP 192.168.2.140_01_20200204235921931_TIMING.jpg
STOP 192.168.2.140_01_20200204235921931_TIMING.jpg
STOP 192.168.2.140_01_20200204235921931_TIMING.jpg
STOP 192.168.2.140_01_20200204235921931_TIMING.jpg
STOP 192.168.2.140_01_20200204235921931_TIMING.jpg
STOP 192.168.2.140_01_20200204235921931_TIMING.jpg
STOP 192.168.2.140_01_20200204235921931_TIMING.jpg
STOP 192.168.2.140_01_20200204235921931_TIMING.jpg
STOP 192.168.2.140_01_20200204235921931_TIMING.jpg
STOP 192.168.2.140_01_20200204235921931_TIMING.jpg
STOP 192.168.2.140_01_20200204235921931_TIMING.jpg
STOP 192.168.2.140_01_20200204235921931_TIMING.jpg
STOP 192.168.2.140_01_20200204235921931_TIMING.jpg
STOP 192.168.2.140_01_20200204235921931_TIMING.jpg
STOP 192.168.2.140_01_20200204235921931_TIMING.jpg
STOP 192.168.2.140_01_20200204235921931_TIMING.jpg
STOP 192.168.2.140_01_20200204235921931_TIMING.jpg
STOP 192.168.2.140_01_20200204235921931_TIMING.jpg
STOP 192.168.2.140_01_20200204235921931_TIMING.jpg
STOP 192.168.2.140_01_20200204235921931_TIMING.jpg
STOP 192.168.2.140_01_20200204235921931_TIMING.jpg
STOP 192.168.2.140_01_20200204235921931_TIMING.jpg
STOP 192.168.2.140_01_20200204235921931_TIMING.jpg
STOP 192.168.2.140_01_20200204235921931_TIMING.jpg
STOP 192.168.2.140_01_20200204235921931_TIMING.jpg
STOP 192.168.2.140_01_20200204235921931_TIMING.jpg
STOP 192.168.2.140_01_20200204235921931_TIMING.jpg
STOP 192.168.2.140_01_20200204235921931_TIMING.jpg
STOP 192.168.2.140_01_20200204235921931_TIMING.jpg
STOP 192.168.2.140_01_20200204235921931_TIMING.jpg
STOP 192.168.2.140_01_20200204235921931_TIMING.jpg
STOP 192.168.2.140_01_20200204235921931_TIMING.jpg
STOP 192.168.2.140_01_20200204235921931_TIMING.jpg
STOP 192.168.2.140_01_20200204235921931_TIMING.jpg
STOP 192.168.2.140_01_20200204235921931_TIMING.jpg
STOP 192.168.2.140_01_20200204235921931_TIMING.jpg
STOP 192.168.2.140_01_20200204235921931_TIMING.jpg
STOP 192.168.2.140_01_20200204235921931_TIMING.jpg
STOP 192.168.2.140_01_20200204235921931_TIMING.jpg
STOP 192.168.2.140_01_20200204235921931_TIMING.jpg
STOP 192.168.2.140_01_20200204235921931_TIMING.jpg
STOP 192.168.2.140_01_20200204235921931_TIMING.jpg
STOP 192.168.2.140_01_20200204235921931_TIMING.jpg
STOP 192.168.2.140_01_20200204235921931_TIMING.jpg
STOP 192.168.2.140_01_20200204235921931_TIMING.jpg
STOP 192.168.2.140_01_20200204235921931_TIMING.jpg
STOP 192.168.2.140_01_20200204235921931_TIMING.jpg
STOP 192.168.2.140_01_20200204235921931_TIMING.jpg
STOP 192.168.2.140_01_20200204235921931_TIMING.jpg
STOP 192.168.2.140_01_20200204235921931_TIMING.jpg
STOP 192.168.2.140_01_20200204235921931_TIMING.jpg
STOP 192.168.2.140_01_20200204235921931_TIMING.jpg
STOP 192.168.2.140_01_20200204235921931_TIMING.jpg
STOP 192.168.2.140_01_20200204235921931_TIMING.jpg
STOP 192.168.2.140_01_20200204235921931_TIMING.jpg
STOP 192.168.2.140_01_20200204235921931_TIMING.jpg
STOP 192.168.2.140_01_20200204235921931_TIMING.jpg
STOP 192.168.2.140_01_20200204235921931_TIMING.jpg
STOP 192.168.2.140_01_20200204235921931_TIMING.jpg
STOP 192.168.2.140_01_20200204235921931_TIMING.jpg
STOP 192.168.2.140_01_20200204235921931_TIMING.jpg
STOP 192.168.2.140_01_20200204235921931_TIMING.jpg
STOP 192.168.2.140_01_20200204235921931_TIMING.jpg
STOP 192.168.2.140_01_20200204235921931_TIMING.jpg
STOP 192.168.2.140_01_20200204235921931_TIMING.jpg
STOP 192.168.2.140_01_20200204235921931_TIMING.jpg
STOP 192.168.2.140_01_20200204235921931_TIMING.jpg
STOP 192.168.2.140_01_20200204235921931_TIMING.jpg
STOP 192.168.2.140_01_20200204235921931_TIMING.jpg
STOP 192.168.2.140_01_20200204235921931_TIMING.jpg
STOP 192.168.2.140_01_20200204235921931_TIMING.jpg
STOP 192.168.2.140_01_20200204235921931_TIMING.jpg
STOP 192.168.2.140_01_20200204235921931_TIMING.jpg
STOP 192.168.2.140_01_20200204235921931_TIMING.jpg
STOP 192.168.2.140_01_20200204235921931_TIMING.jpg
STOP 192.168.2.140_01_20200204235921931_TIMING.jpg
STOP 192.168.2.140_01_20200204235921931_TIMING.jpg
STOP 192.168.2.140_01_20200204235921931_TIMING.jpg
STOP 192.168.2.140_01_20200204235921931_TIMING.jpg
STOP 192.168.2.140_01_20200204235921931_TIMING.jpg
STOP 192.168.2.140_01_20200204235921931_TIMING.jpg
STOP 192.168.2.140_01_20200204235921931_TIMING.jpg
STOP 192.168.2.140_01_20200204235921931_TIMING.jpg
STOP 192.168.2.140_01_20200204235921931_TIMING.jpg
STOP 192.168.2.140_01_20200204235921931_TIMING.jpg
STOP 192.168.2.140_01_20200204235921931_TIMING.jpg
STOP 192.168.2.140_01_20200204235921931_TIMING.jpg
STOP 192.168.2.140_01_20200204235921931_TIMING.jpg
STOP 192.168.2.140_01_20200204235921931_TIMING.jpg
STOP 192.168.2.140_01_20200204235921931_TIMING.jpg
STOP 192.168.2.140_01_20200204235921931_TIMING.jpg
STOP 192.168.2.140_01_20200204235921931_TIMING.jpg
STOP 192.168.2.140_01_20200204235921931_TIMING.jpg
STOP 192.168.2.140_01_20200204235921931_TIMING.jpg
STOP 192.168.2.140_01_20200204235921931_TIMING.jpg
STOP 192.168.2.140_01_20200204235921931_TIMING.jpg
STOP 192.168.2.140_01_20200204235921931_TIMING.jpg
STOP 192.168.2.140_01_20200204235921931_TIMING.jpg
STOP 192.168.2.140_01_20200204235921931_TIMING.jpg
STOP 192.168.2.140_01_20200204235921931_TIMING.jpg
STOP 192.168.2.140_01_20200204235921931_TIMING.jpg
STOP 192.168.2.140_01_20200204235921931_TIMING.jpg
STOP 192.168.2.140_01_20200204235921931_TIMING.jpg
STOP 192.168.2.140_01_20200204235921931_TIMING.jpg
STOP 192.168.2.140_01_20200204235921931_TIMING.jpg
STOP 192.168.2.140_01_20200204235921931_TIMING.jpg
STOP 192.168.2.140_01_20200204235921931_TIMING.jpg
STOP 192.168.2.140_01_20200204235921931_TIMING.jpg
STOP 192.168.2.140_01_20200204235921931_TIMING.jpg
STOP 192.168.2.140_01_20200204235921931_TIMING.jpg
STOP 192.168.2.140_01_20200204235921931_TIMING.jpg
STOP 192.168.2.140_01_20200204235921931_TIMING.jpg
STOP 192.168.2.140_01_20200204235921931_TIMING.jpg
STOP 192.168.2.140_01_20200204235921931_TIMING.jpg
STOP 192.168.2.140_01_20200204235921931_TIMING.jpg
STOP 192.168.2.140_01_20200204235921931_TIMING.jpg
STOP 192.168.2.140_01_20200204235921931_TIMING.jpg
STOP 192.168.2.140_01_20200204235921931_TIMING.jpg
STOP 192.168.2.140_01_20200204235921931_TIMING.jpg
STOP 192.168.2.140_01_20200204235921931_TIMING.jpg
STOP 192.168.2.140_01_20200204235921931_TIMING.jpg
STOP 192.168.2.140_01_20200204235921931_TIMING.jpg
STOP 192.168.2.140_01_20200204235921931_TIMING.jpg
STOP 192.168.2.140_01_20200204235921931_TIMING.jpg
STOP 192.168.2.140_01_20200204235921931_TIMING.jpg
STOP 192.168.2.140_01_20200204235921931_TIMING.jpg
STOP 192.168.2.140_01_20200204235921931_TIMING.jpg
STOP 192.168.2.140_01_20200204235921931_TIMING.jpg
STOP 192.168.2.140_01_20200204235921931_TIMING.jpg
STOP 192.168.2.140_01_20200204235921931_TIMING.jpg
STOP 192.168.2.140_01_20200204235921931_TIMING.jpg
STOP 192.168.2.140_01_20200204235921931_TIMING.jpg
STOP 192.168.2.140_01_20200204235921931_TIMING.jpg
STOP 192.168.2.140_01_20200204235921931_TIMING.jpg
STOP 192.168.2.140_01_20200204235921931_TIMING.jpg
STOP 192.168.2.140_01_20200204235921931_TIMING.jpg
STOP 192.168.2.140_01_20200204235921931_TIMING.jpg
STOP 192.168.2.140_01_20200204235921931_TIMING.jpg
STOP 192.168.2.140_01_20200204235921931_TIMING.jpg
STOP 192.168.2.140_01_20200204235921931_TIMING.jpg
STOP 192.168.2.140_01_20200204235921931_TIMING.jpg
STOP 192.168.2.140_01_20200204235921931_TIMING.jpg
STOP 192.168.2.140_01_20200204235921931_TIMING.jpg
STOP 192.168.2.140_01_20200204235921931_TIMING.jpg
STOP 192.168.2.140_01_20200204235921931_TIMING.jpg
STOP 192.168.2.140_01_20200204235921931_TIMING.jpg
STOP 192.168.2.140_01_20200204235921931_TIMING.jpg
STOP 192.168.2.140_01_20200204235921931_TIMING.jpg
STOP 192.168.2.140_01_20200204235921931_TIMING.jpg
STOP 192.168.2.140_01_20200204235921931_TIMING.jpg
STOP 192.168.2.140_01_20200204235921931_TIMING.jpg
STOP 192.168.2.140_01_20200204235921931_TIMING.jpg
STOP 192.168.2.140_01_20200204235921931_TIMING.jpg
STOP 192.168.2.140_01_20200204235921931_TIMING.jpg
STOP 192.168.2.140_01_20200204235921931_TIMING.jpg
STOP 192.168.2.140_01_20200204235921931_TIMING.jpg
STOP 192.168.2.140_01_20200204235921931_TIMING.jpg
STOP 192.168.2.140_01_20200204235921931_TIMING.jpg
STOP 192.168.2.140_01_20200204235921931_TIMING.jpg
STOP 192.168.2.140_01_20200204235921931_TIMING.jpg
STOP 192.168.2.140_01_20200204235921931_TIMING.jpg
STOP 192.168.2.140_01_20200204235921931_TIMING.jpg
STOP 192.168.2.140_01_20200204235921931_TIMING.jpg
STOP 192.168.2.140_01_20200204235921931_TIMING.jpg
STOP 192.168.2.140_01_20200204235921931_TIMING.jpg
STOP 192.168.2.140_01_20200204235921931_TIMING.jpg
STOP 192.168.2.140_01_20200204235921931_TIMING.jpg
STOP 192.168.2.140_01_20200204235921931_TIMING.jpg
STOP 192.168.2.140_01_20200204235921931_TIMING.jpg
STOP 192.168.2.140_01_20200204235921931_TIMING.jpg
STOP 192.168.2.140_01_20200204235921931_TIMING.jpg
STOP 192.168.2.140_01_20200204235921931_TIMING.jpg
STOP 192.168.2.140_01_20200204235921931_TIMING.jpg
STOP 192.168.2.140_01_20200204235921931_TIMING.jpg
STOP 192.168.2.140_01_20200204235921931_TIMING.jpg
STOP 192.168.2.140_01_20200204235921931_TIMING.jpg
STOP 192.168.2.140_01_20200204235921931_TIMING.jpg
STOP 192.168.2.140_01_20200204235921931_TIMING.jpg
STOP 192.168.2.140_01_20200204235921931_TIMING.jpg
STOP 192.168.2.140_01_20200204235921931_TIMING.jpg
STOP 192.168.2.140_01_20200204235921931_TIMING.jpg
STOP 192.168.2.140_01_20200204235921931_TIMING.jpg
STOP 192.168.2.140_01_20200204235921931_TIMING.jpg
STOP 192.168.2.140_01_20200204235921931_TIMING.jpg
STOP 192.168.2.140_01_20200204235921931_TIMING.jpg
STOP 192.168.2.140_01_20200204235921931_TIMING.jpg
STOP 192.168.2.140_01_20200204235921931_TIMING.jpg
STOP 192.168.2.140_01_20200204235921931_TIMING.jpg
STOP 192.168.2.140_01_20200204235921931_TIMING.jpg
STOP 192.168.2.140_01_20200204235921931_TIMING.jpg
STOP 192.168.2.140_01_20200204235921931_TIMING.jpg
STOP 192.168.2.140_01_20200204235921931_TIMING.jpg
STOP 192.168.2.140_01_20200204235921931_TIMING.jpg
STOP 192.168.2.140_01_20200204235921931_TIMING.jpg
STOP 192.168.2.140_01_20200204235921931_TIMING.jpg
STOP 192.168.2.140_01_20200204235921931_TIMING.jpg
STOP 192.168.2.140_01_20200204235921931_TIMING.jpg
STOP 192.168.2.140_01_20200204235921931_TIMING.jpg
STOP 192.168.2.140_01_20200204235921931_TIMING.jpg
STOP 192.168.2.140_01_20200204235921931_TIMING.jpg
STOP 192.168.2.140_01_20200204235921931_TIMING.jpg
STOP 192.168.2.140_01_20200204235921931_TIMING.jpg
STOP 192.168.2.140_01_20200204235921931_TIMING.jpg
STOP 192.168.2.140_01_20200204235921931_TIMING.jpg
STOP 192.168.2.140_01_20200204235921931_TIMING.jpg
STOP 192.168.2.140_01_20200204235921931_TIMING.jpg
STOP 192.168.2.140_01_20200204235921931_TIMING.jpg
STOP 192.168.2.140_01_20200204235921931_TIMING.jpg
STOP 192.168.2.140_01_20200204235921931_TIMING.jpg
STOP 192.168.2.140_01_20200204235921931_TIMING.jpg
STOP 192.168.2.140_01_20200204235921931_TIMING.jpg
STOP 192.168.2.140_01_20200204235921931_TIMING.jpg
STOP 192.168.2.140_01_20200204235921931_TIMING.jpg
STOP 192.168.2.140_01_20200204235921931_TIMING.jpg
STOP 192.168.2.140_01_20200204235921931_TIMING.jpg
STOP 192.168.2.140_01_20200204235921931_TIMING.jpg
STOP 192.168.2.140_01_20200204235921931_TIMING.jpg
STOP 192.168.2.140_01_20200204235921931_TIMING.jpg
STOP 192.168.2.140_01_20200204235921931_TIMING.jpg
STOP 192.168.2.140_01_20200204235921931_TIMING.jpg
STOP 192.168.2.140_01_20200204235921931_TIMING.jpg
STOP 192.168.2.140_01_20200204235921931_TIMING.jpg
STOP 192.168.2.140_01_20200204235921931_TIMING.jpg
STOP 192.168.2.140_01_20200204235921931_TIMING.jpg
STOP 192.168.2.140_01_20200204235921931_TIMING.jpg
STOP 192.168.2.140_01_20200204235921931_TIMING.jpg
STOP 192.168.2.140_01_20200204235921931_TIMING.jpg
STOP 192.168.2.140_01_20200204235921931_TIMING.jpg
STOP 192.168.2.140_01_20200204235921931_TIMING.jpg
STOP 192.168.2.140_01_20200204235921931_TIMING.jpg
STOP 192.168.2.140_01_20200204235921931_TIMING.jpg
STOP 192.168.2.140_01_20200204235921931_TIMING.jpg
STOP 192.168.2.140_01_20200204235921931_TIMING.jpg
STOP 192.168.2.140_01_20200204235921931_TIMING.jpg
STOP 192.168.2.140_01_20200204235921931_TIMING.jpg
STOP 192.168.2.140_01_20200204235921931_TIMING.jpg
STOP 192.168.2.140_01_20200204235921931_TIMING.jpg
STOP 192.168.2.140_01_20200204235921931_TIMING.jpg
STOP 192.168.2.140_01_20200204235921931_TIMING.jpg
STOP 192.168.2.140_01_20200204235921931_TIMING.jpg
STOP 192.168.2.140_01_20200204235921931_TIMING.jpg
STOP 192.168.2.140_01_20200204235921931_TIMING.jpg
STOP 192.168.2.140_01_20200204235921931_TIMING.jpg
STOP 192.168.2.140_01_20200204235921931_TIMING.jpg
STOP 192.168.2.140_01_20200204235921931_TIMING.jpg
STOP 192.168.2.140_01_20200204235921931_TIMING.jpg
STOP 192.168.2.140_01_20200204235921931_TIMING.jpg
STOP 192.168.2.140_01_20200204235921931_TIMING.jpg
STOP 192.168.2.140_01_20200204235921931_TIMING.jpg
STOP 192.168.2.140_01_20200204235921931_TIMING.jpg
STOP 192.168.2.140_01_20200204235921931_TIMING.jpg
STOP 192.168.2.140_01_20200204235921931_TIMING.jpg
STOP 192.168.2.140_01_20200204235921931_TIMING.jpg
STOP 192.168.2.140_01_20200204235921931_TIMING.jpg
STOP 192.168.2.140_01_20200204235921931_TIMING.jpg
STOP 192.168.2.140_01_20200204235921931_TIMING.jpg
STOP 192.168.2.140_01_20200204235921931_TIMING.jpg
STOP 192.168.2.140_01_20200204235921931_TIMING.jpg
STOP 192.168.2.140_01_20200204235921931_TIMING.jpg
STOP 192.168.2.140_01_20200204235921931_TIMING.jpg
STOP 192.168.2.140_01_20200204235921931_TIMING.jpg
STOP 192.168.2.140_01_20200204235921931_TIMING.jpg
STOP 192.168.2.140_01_20200204235921931_TIMING.jpg
STOP 192.168.2.140_01_20200204235921931_TIMING.jpg
STOP 192.168.2.140_01_20200204235921931_TIMING.jpg
STOP 192.168.2.140_01_20200204235921931_TIMING.jpg
STOP 192.168.2.140_01_20200204235921931_TIMING.jpg
STOP 192.168.2.140_01_20200204235921931_TIMING.jpg
STOP 192.168.2.140_01_20200204235921931_TIMING.jpg
STOP 192.168.2.140_01_20200204235921931_TIMING.jpg
STOP 192.168.2.140_01_20200204235921931_TIMING.jpg
STOP 192.168.2.140_01_20200204235921931_TIMING.jpg
STOP 192.168.2.140_01_20200204235921931_TIMING.jpg
STOP 192.168.2.140_01_20200204235921931_TIMING.jpg
STOP 192.168.2.140_01_20200204235921931_TIMING.jpg
STOP 192.168.2.140_01_20200204235921931_TIMING.jpg
STOP 192.168.2.140_01_20200204235921931_TIMING.jpg
STOP 192.168.2.140_01_20200204235921931_TIMING.jpg
STOP 192.168.2.140_01_20200204235921931_TIMING.jpg
STOP 192.168.2.140_01_20200204235921931_TIMING.jpg
STOP 192.168.2.140_01_20200204235921931_TIMING.jpg
STOP 192.168.2.140_01_20200204235921931_TIMING.jpg
STOP 192.168.2.140_01_20200204235921931_TIMING.jpg
STOP 192.168.2.140_01_20200204235921931_TIMING.jpg
STOP 192.168.2.140_01_20200204235921931_TIMING.jpg
STOP 192.168.2.140_01_20200204235921931_TIMING.jpg
STOP 192.168.2.140_01_20200204235921931_TIMING.jpg
STOP 192.168.2.140_01_20200204235921931_TIMING.jpg
STOP 192.168.2.140_01_20200204235921931_TIMING.jpg
STOP 192.168.2.140_01_20200204235921931_TIMING.jpg
STOP 192.168.2.140_01_20200204235921931_TIMING.jpg
STOP 192.168.2.140_01_20200204235921931_TIMING.jpg
STOP 192.168.2.140_01_20200204235921931_TIMING.jpg
STOP 192.168.2.140_01_20200204235921931_TIMING.jpg
STOP 192.168.2.140_01_20200204235921931_TIMING.jpg
STOP 192.168.2.140_01_20200204235921931_TIMING.jpg
STOP 192.168.2.140_01_20200204235921931_TIMING.jpg
STOP 192.168.2.140_01_20200204235921931_TIMING.jpg
STOP 192.168.2.140_01_20200204235921931_TIMING.jpg
STOP 192.168.2.140_01_20200204235921931_TIMING.jpg
STOP 192.168.2.140_01_20200204235921931_TIMING.jpg
STOP 192.168.2.140_01_20200204235921931_TIMING.jpg
STOP 192.168.2.140_01_20200204235921931_TIMING.jpg
STOP 192.168.2.140_01_20200204235921931_TIMING.jpg
STOP 192.168.2.140_01_20200204235921931_TIMING.jpg
STOP 192.168.2.140_01_20200204235921931_TIMING.jpg
STOP 192.168.2.140_01_20200204235921931_TIMING.jpg
STOP 192.168.2.140_01_20200204235921931_TIMING.jpg
STOP 192.168.2.140_01_20200204235921931_TIMING.jpg
STOP 192.168.2.140_01_20200204235921931_TIMING.jpg
STOP 192.168.2.140_01_20200204235921931_TIMING.jpg
STOP 192.168.2.140_01_20200204235921931_TIMING.jpg
STOP 192.168.2.140_01_20200204235921931_TIMING.jpg
STOP 192.168.2.140_01_20200204235921931_TIMING.jpg
STOP 192.168.2.140_01_20200204235921931_TIMING.jpg
STOP 192.168.2.140_01_20200204235921931_TIMING.jpg
STOP 192.168.2.140_01_20200204235921931_TIMING.jpg
STOP 192.168.2.140_01_20200204235921931_TIMING.jpg
STOP 192.168.2.140_01_20200204235921931_TIMING.jpg
STOP 192.168.2.140_01_20200204235921931_TIMING.jpg
STOP 192.168.2.140_01_20200204235921931_TIMING.jpg
STOP 192.168.2.140_01_20200204235921931_TIMING.jpg
STOP 192.168.2.140_01_20200204235921931_TIMING.jpg
STOP 192.168.2.140_01_20200204235921931_TIMING.jpg
STOP 192.168.2.140_01_20200204235921931_TIMING.jpg
STOP 192.168.2.140_01_20200204235921931_TIMING.jpg
STOP 192.168.2.140_01_20200204235921931_TIMING.jpg
STOP 192.168.2.140_01_20200204235921931_TIMING.jpg
STOP 192.168.2.140_01_20200204235921931_TIMING.jpg
STOP 192.168.2.140_01_20200204235921931_TIMING.jpg
STOP 192.168.2.140_01_20200204235921931_TIMING.jpg
STOP 192.168.2.140_01_20200204235921931_TIMING.jpg
STOP 192.168.2.140_01_20200204235921931_TIMING.jpg
STOP 192.168.2.140_01_20200204235921931_TIMING.jpg
STOP 192.168.2.140_01_20200204235921931_TIMING.jpg
STOP 192.168.2.140_01_20200204235921931_TIMING.jpg
STOP 192.168.2.140_01_20200204235921931_TIMING.jpg
STOP 192.168.2.140_01_20200204235921931_TIMING.jpg
STOP 192.168.2.140_01_20200204235921931_TIMING.jpg
STOP 192.168.2.140_01_20200204235921931_TIMING.jpg
STOP 192.168.2.140_01_20200204235921931_TIMING.jpg
STOP 192.168.2.140_01_20200204235921931_TIMING.jpg
STOP 192.168.2.140_01_20200204235921931_TIMING.jpg
STOP 192.168.2.140_01_20200204235921931_TIMING.jpg
STOP 192.168.2.140_01_20200204235921931_TIMING.jpg
STOP 192.168.2.140_01_20200204235921931_TIMING.jpg
STOP 192.168.2.140_01_20200204235921931_TIMING.jpg
STOP 192.168.2.140_01_20200204235921931_TIMING.jpg
STOP 192.168.2.140_01_20200204235921931_TIMING.jpg
STOP 192.168.2.140_01_20200204235921931_TIMING.jpg
STOP 192.168.2.140_01_20200204235921931_TIMING.jpg
STOP 192.168.2.140_01_20200204235921931_TIMING.jpg
STOP 192.168.2.140_01_20200204235921931_TIMING.jpg
STOP 192.168.2.140_01_20200204235921931_TIMING.jpg
STOP 192.168.2.140_01_20200204235921931_TIMING.jpg
STOP 192.168.2.140_01_20200204235921931_TIMING.jpg
STOP 192.168.2.140_01_20200204235921931_TIMING.jpg
STOP 192.168.2.140_01_20200204235921931_TIMING.jpg
STOP 192.168.2.140_01_20200204235921931_TIMING.jpg
STOP 192.168.2.140_01_20200204235921931_TIMING.jpg
STOP 192.168.2.140_01_20200204235921931_TIMING.jpg
STOP 192.168.2.140_01_20200204235921931_TIMING.jpg
STOP 192.168.2.140_01_20200204235921931_TIMING.jpg
STOP 192.168.2.140_01_20200204235921931_TIMING.jpg
STOP 192.168.2.140_01_20200204235921931_TIMING.jpg
STOP 192.168.2.140_01_20200204235921931_TIMING.jpg
STOP 192.168.2.140_01_20200204235921931_TIMING.jpg
STOP 192.168.2.140_01_20200204235921931_TIMING.jpg
STOP 192.168.2.140_01_20200204235921931_TIMING.jpg
STOP 192.168.2.140_01_20200204235921931_TIMING.jpg
STOP 192.168.2.140_01_20200204235921931_TIMING.jpg
STOP 192.168.2.140_01_20200204235921931_TIMING.jpg
STOP 192.168.2.140_01_20200204235921931_TIMING.jpg
STOP 192.168.2.140_01_20200204235921931_TIMING.jpg
STOP 192.168.2.140_01_20200204235921931_TIMING.jpg
STOP 192.168.2.140_01_20200204235921931_TIMING.jpg
STOP 192.168.2.140_01_20200204235921931_TIMING.jpg
STOP 192.168.2.140_01_20200204235921931_TIMING.jpg
STOP 192.168.2.140_01_20200204235921931_TIMING.jpg
STOP 192.168.2.140_01_20200204235921931_TIMING.jpg
STOP 192.168.2.140_01_20200204235921931_TIMING.jpg
STOP 192.168.2.140_01_20200204235921931_TIMING.jpg
STOP 192.168.2.140_01_20200204235921931_TIMING.jpg
STOP 192.168.2.140_01_20200204235921931_TIMING.jpg
STOP 192.168.2.140_01_20200204235921931_TIMING.jpg
STOP 192.168.2.140_01_20200204235921931_TIMING.jpg
STOP 192.168.2.140_01_20200204235921931_TIMING.jpg
STOP 192.168.2.140_01_20200204235921931_TIMING.jpg
STOP 192.168.2.140_01_20200204235921931_TIMING.jpg
STOP 192.168.2.140_01_20200204235921931_TIMING.jpg
STOP 192.168.2.140_01_20200204235921931_TIMING.jpg
STOP 192.168.2.140_01_20200204235921931_TIMING.jpg
STOP 192.168.2.140_01_20200204235921931_TIMING.jpg
STOP 192.168.2.140_01_20200204235921931_TIMING.jpg
STOP 192.168.2.140_01_20200204235921931_TIMING.jpg
STOP 192.168.2.140_01_20200204235921931_TIMING.jpg
STOP 192.168.2.140_01_20200204235921931_TIMING.jpg
STOP 192.168.2.140_01_20200204235921931_TIMING.jpg
STOP 192.168.2.140_01_20200204235921931_TIMING.jpg
STOP 192.168.2.140_01_20200204235921931_TIMING.jpg
STOP 192.168.2.140_01_20200204235921931_TIMING.jpg
STOP 192.168.2.140_01_20200204235921931_TIMING.jpg
STOP 192.168.2.140_01_20200204235921931_TIMING.jpg
STOP 192.168.2.140_01_20200204235921931_TIMING.jpg
STOP 192.168.2.140_01_20200204235921931_TIMING.jpg
STOP 192.168.2.140_01_20200204235921931_TIMING.jpg
STOP 192.168.2.140_01_20200204235921931_TIMING.jpg
STOP 192.168.2.140_01_20200204235921931_TIMING.jpg
STOP 192.168.2.140_01_20200204235921931_TIMING.jpg
STOP 192.168.2.140_01_20200204235921931_TIMING.jpg
STOP 192.168.2.140_01_20200204235921931_TIMING.jpg
STOP 192.168.2.140_01_20200204235921931_TIMING.jpg
STOP 192.168.2.140_01_20200204235921931_TIMING.jpg
STOP 192.168.2.140_01_20200204235921931_TIMING.jpg
STOP 192.168.2.140_01_20200204235921931_TIMING.jpg
STOP 192.168.2.140_01_20200204235921931_TIMING.jpg
STOP 192.168.2.140_01_20200204235921931_TIMING.jpg
STOP 192.168.2.140_01_20200204235921931_TIMING.jpg
